<html>
<body>
<pre>
<h1>µVision Build Log</h1>
<h2>Tool Versions:</h2>
IDE-Version: µVision V5.22.0.0
Copyright (C) 2016 ARM Ltd and ARM Germany GmbH. All rights reserved.
License Information: Zongqng Hou, University of Manitoba, LIC=----
 
Tool Versions:
Toolchain:       MDK-Lite  Version: 5.22
Toolchain Path:  C:\Keil_v5\ARM\ARMCC\Bin
C Compiler:      Armcc.exe V5.06 update 4 (build 422)
Assembler:       Armasm.exe V5.06 update 4 (build 422)
Linker/Locator:  ArmLink.exe V5.06 update 4 (build 422)
Library Manager: ArmAr.exe V5.06 update 4 (build 422)
Hex Converter:   FromElf.exe V5.06 update 4 (build 422)
CPU DLL:         SARMCM3.DLL V5.22
Dialog DLL:      DCM.DLL V1.13.9.0
Target DLL:      STLink\ST-LINKIII-KEIL_SWO.dll V2.0.18.0
Dialog DLL:      TCM.DLL V1.21.0.0
 
<h2>Project:</h2>
C:\Keil_v5\COMP4550A3_ZonqginHou7729727_JiashenZhang7753808\COMP4550A3_ZonqginHou7729727_JiashenZhang7753808\COMP4550A3Project\freertos_project.uvprojx
Project File Date:  04/16/2017

<h2>Output:</h2>
*** Using Compiler 'V5.06 update 4 (build 422)', folder: 'C:\Keil_v5\ARM\ARMCC\Bin'
Build target 'freertos_project'
assembling startup_stm32f4xx.s...
compiling system_stm32f4xx.c...
compiling discoveryf4utils.c...
compiling main.c...
Source\main.c(250): warning:  #1035-D: single-precision operand implicitly converted to double-precision
  			sample = (int16_t)(
OTEAMPLITUDE * filteredSaw);
Source\main.c(305): warning:  #186-D: pointless comparison of unsigned integer with zero
  		if (index * pvParameters->deadline - time_count >= 0) {
Source\main.c(382): warning:  #188-D: enumerated type mixed with another type
  			STM_EVAL_LEDOn(input->led_index);
Source\main.c(384): warning:  #188-D: enumerated type mixed with another type
  			STM_EVAL_LEDOff(input->led_index);
Source\main.c(530): warning:  #188-D: enumerated type mixed with another type
  			STM_EVAL_LEDOn(input->led_index);
Source\main.c(532): warning:  #188-D: enumerated type mixed with another type
  			STM_EVAL_LEDOff(input->led_index);
Source\main.c(633): warning:  #188-D: enumerated type mixed with another type
  			STM_EVAL_LEDOn(input->led_index);
Source\main.c(635): warning:  #188-D: enumerated type mixed with another type
  			STM_EVAL_LEDOff(input->led_index);
Source\main.c: 8 warnings, 0 errors
compiling stm32f4xx_it.c...
compiling codec.c...
compiling croutine.c...
compiling list.c...
compiling event_groups.c...
compiling queue.c...
compiling timers.c...
compiling port.c...
compiling tasks.c...
compiling misc.c...
compiling heap_2.c...
compiling stm32f4xx_adc.c...
compiling stm32f4xx_crc.c...
compiling stm32f4xx_cryp.c...
compiling stm32f4xx_can.c...
compiling stm32f4xx_cryp_des.c...
compiling stm32f4xx_cryp_tdes.c...
compiling stm32f4xx_cryp_aes.c...
compiling stm32f4xx_dbgmcu.c...
compiling stm32f4xx_dac.c...
compiling stm32f4xx_dcmi.c...
compiling stm32f4xx_dma.c...
compiling stm32f4xx_exti.c...
compiling stm32f4xx_dma2d.c...
compiling stm32f4xx_flash.c...
compiling stm32f4xx_gpio.c...
compiling stm32f4xx_fsmc.c...
compiling stm32f4xx_hash.c...
compiling stm32f4xx_hash_md5.c...
compiling stm32f4xx_hash_sha1.c...
compiling stm32f4xx_iwdg.c...
compiling stm32f4xx_i2c.c...
compiling stm32f4xx_ltdc.c...
compiling stm32f4xx_rng.c...
compiling stm32f4xx_pwr.c...
compiling stm32f4xx_rcc.c...
compiling stm32f4xx_sai.c...
compiling stm32f4xx_rtc.c...
compiling stm32f4xx_sdio.c...
compiling stm32f4xx_syscfg.c...
compiling stm32f4xx_spi.c...
compiling stm32f4xx_tim.c...
compiling stm32f4xx_wwdg.c...
compiling stm32f4xx_usart.c...
linking...
Program Size: Code=23640 RO-data=488 RW-data=240 ZI-data=78920  
FromELF: creating hex file...
".\Output\freertos_project.axf" - 0 Error(s), 8 Warning(s).

<h2>Software Packages used:</h2>

Package Vendor: ARM
                http://www.keil.com/pack/ARM.CMSIS.5.0.0.pack
                ARM::CMSIS:CORE:5.0.0
                CMSIS (Cortex Microcontroller Software Interface Standard)
   * Component: CORE Version: 5.0.0

<h2>Collection of Component include folders:</h2>
  C:\Keil_v5\COMP4550A3_ZonqginHou7729727_JiashenZhang7753808\COMP4550A3_ZonqginHou7729727_JiashenZhang7753808\COMP4550A3Project\RTE\_freertos_project
  C:\Keil_v5\ARM\PACK\ARM\CMSIS\5.0.0\CMSIS\Include
  C:\Keil_v5\ARM\PACK\Keil\STM32F4xx_DFP\1.0.8\Device\Include

<h2>Collection of Component Files used:</h2>

   * Component: ARM::CMSIS:CORE:5.0.0
Build Time Elapsed:  00:00:29
</pre>
</body>
</html>
